// Jest Snapshot v1, https://goo.gl/fbAQLP

exports[`Pruebas en <GifItem /> Debe de hacer match con el snapshot 1`] = `
<div>
  <div
    class="card"
  >
    <img
      alt="Bumbumble"
      src="http://one-bumbumble.com/bumbumble.jpg"
    />
    <p>
      Bumbumble
    </p>
  </div>
</div>
`;
